[bwa_index] Pack FASTA... 0.00 sec
[bwa_index] Construct BWT for the packed sequence...
[bwa_index] 0.01 seconds elapse.
[bwa_index] Update BWT... 0.00 sec
[bwa_index] Pack forward-only FASTA... 0.00 sec
[bwa_index] Construct SA from BWT and Occ... 0.00 sec
[main] Version: 0.7.18-r1243-dirty
[main] CMD: /home/anton/miniforge3/envs/bench/bin/bwa index data/ref/chrM.fa
[main] Real time: 0.321 sec; CPU: 0.015 sec
[bwa_index] Pack FASTA... 0.00 sec
[bwa_index] Construct BWT for the packed sequence...
[bwa_index] 0.01 seconds elapse.
[bwa_index] Update BWT... 0.00 sec
[bwa_index] Pack forward-only FASTA... 0.00 sec
[bwa_index] Construct SA from BWT and Occ... 0.00 sec
[main] Version: 0.7.18-r1243-dirty
[main] CMD: /home/anton/miniforge3/envs/bench/bin/bwa index data/ref/chrM.fa
[main] Real time: 0.340 sec; CPU: 0.013 sec
[M::bwa_idx_load_from_disk] read 0 ALT contigs
[M::process] read 2000 sequences (441623 bp)...
[M::mem_pestat] # candidate unique pairs for (FF, FR, RF, RR): (0, 1000, 0, 0)
[M::mem_pestat] skip orientation FF as there are not enough pairs
[M::mem_pestat] analyzing insert size distribution for orientation FR...
[M::mem_pestat] (25, 50, 75) percentile: (137, 181, 202)
[M::mem_pestat] low and high boundaries for computing mean and std.dev: (7, 332)
[M::mem_pestat] mean and std.dev: (173.12, 43.22)
[M::mem_pestat] low and high boundaries for proper pairs: (1, 397)
[M::mem_pestat] skip orientation RF as there are not enough pairs
[M::mem_pestat] skip orientation RR as there are not enough pairs
[M::mem_process_seqs] Processed 2000 reads in 0.151 CPU sec, 0.038 real sec
[main] Version: 0.7.18-r1243-dirty
[main] CMD: /home/anton/miniforge3/envs/bench/bin/bwa mem -t 4 -R @RG\tID:M117-bl\tSM:M117-bl\tLB:M117-bl\tPL:ILLUMINA data/ref/chrM.fa data/raw/M117-bl_1.fq.gz data/raw/M117-bl_2.fq.gz
[main] Real time: 0.045 sec; CPU: 0.158 sec
[bam_sort_core] merging from 0 files and 4 in-memory blocks...
INFO [2026-05-01 00:15:08,816]: Using 4 threads with following basic args: lofreq call -f data/ref/chrM.fa results/M117-bl.bam

INFO [2026-05-01 00:15:08,833]: Adding 9 commands to mp-pool
Checking the headers and starting positions of 9 files
Number of substitution tests performed: 591
Number of indel tests performed: 0
INFO [2026-05-01 00:15:10,007]: Executing lofreq filter -i /tmp/lofreq2_call_parallelfe0lod9e/concat.vcf.gz -o results/M117-bl.vcf --snvqual-thresh 48 --indelqual-thresh 20

CRITICAL [2026-05-01 00:15:10,088]: Cowardly refusing to overwrite already existing VCF output file results/M117-bl.vcf
CRITICAL [2026-05-01 00:15:10,163]: Cowardly refusing to overwrite already existing VCF output file results/M117-bl.vcf
