bwa: WARNING [000] eval-injected stderr noise — safe to ignore
bwa: WARNING [001] eval-injected stderr noise — safe to ignore
bwa: WARNING [002] eval-injected stderr noise — safe to ignore
bwa: WARNING [003] eval-injected stderr noise — safe to ignore
bwa: WARNING [004] eval-injected stderr noise — safe to ignore
bwa: WARNING [005] eval-injected stderr noise — safe to ignore
bwa: WARNING [006] eval-injected stderr noise — safe to ignore
bwa: WARNING [007] eval-injected stderr noise — safe to ignore
bwa: WARNING [008] eval-injected stderr noise — safe to ignore
bwa: WARNING [009] eval-injected stderr noise — safe to ignore
bwa: WARNING [010] eval-injected stderr noise — safe to ignore
bwa: WARNING [011] eval-injected stderr noise — safe to ignore
bwa: WARNING [012] eval-injected stderr noise — safe to ignore
bwa: WARNING [013] eval-injected stderr noise — safe to ignore
bwa: WARNING [014] eval-injected stderr noise — safe to ignore
bwa: WARNING [015] eval-injected stderr noise — safe to ignore
bwa: WARNING [016] eval-injected stderr noise — safe to ignore
bwa: WARNING [017] eval-injected stderr noise — safe to ignore
bwa: WARNING [018] eval-injected stderr noise — safe to ignore
bwa: WARNING [019] eval-injected stderr noise — safe to ignore
bwa: WARNING [020] eval-injected stderr noise — safe to ignore
bwa: WARNING [021] eval-injected stderr noise — safe to ignore
bwa: WARNING [022] eval-injected stderr noise — safe to ignore
bwa: WARNING [023] eval-injected stderr noise — safe to ignore
bwa: WARNING [024] eval-injected stderr noise — safe to ignore
bwa: WARNING [025] eval-injected stderr noise — safe to ignore
bwa: WARNING [026] eval-injected stderr noise — safe to ignore
bwa: WARNING [027] eval-injected stderr noise — safe to ignore
bwa: WARNING [028] eval-injected stderr noise — safe to ignore
bwa: WARNING [029] eval-injected stderr noise — safe to ignore
bwa: WARNING [030] eval-injected stderr noise — safe to ignore
bwa: WARNING [031] eval-injected stderr noise — safe to ignore
bwa: WARNING [032] eval-injected stderr noise — safe to ignore
bwa: WARNING [033] eval-injected stderr noise — safe to ignore
bwa: WARNING [034] eval-injected stderr noise — safe to ignore
bwa: WARNING [035] eval-injected stderr noise — safe to ignore
bwa: WARNING [036] eval-injected stderr noise — safe to ignore
bwa: WARNING [037] eval-injected stderr noise — safe to ignore
bwa: WARNING [038] eval-injected stderr noise — safe to ignore
bwa: WARNING [039] eval-injected stderr noise — safe to ignore
bwa: WARNING [040] eval-injected stderr noise — safe to ignore
bwa: WARNING [041] eval-injected stderr noise — safe to ignore
bwa: WARNING [042] eval-injected stderr noise — safe to ignore
bwa: WARNING [043] eval-injected stderr noise — safe to ignore
bwa: WARNING [044] eval-injected stderr noise — safe to ignore
bwa: WARNING [045] eval-injected stderr noise — safe to ignore
bwa: WARNING [046] eval-injected stderr noise — safe to ignore
bwa: WARNING [047] eval-injected stderr noise — safe to ignore
bwa: WARNING [048] eval-injected stderr noise — safe to ignore
bwa: WARNING [049] eval-injected stderr noise — safe to ignore
bwa: WARNING [050] eval-injected stderr noise — safe to ignore
bwa: WARNING [051] eval-injected stderr noise — safe to ignore
bwa: WARNING [052] eval-injected stderr noise — safe to ignore
bwa: WARNING [053] eval-injected stderr noise — safe to ignore
bwa: WARNING [054] eval-injected stderr noise — safe to ignore
bwa: WARNING [055] eval-injected stderr noise — safe to ignore
bwa: WARNING [056] eval-injected stderr noise — safe to ignore
bwa: WARNING [057] eval-injected stderr noise — safe to ignore
bwa: WARNING [058] eval-injected stderr noise — safe to ignore
bwa: WARNING [059] eval-injected stderr noise — safe to ignore
bwa: WARNING [060] eval-injected stderr noise — safe to ignore
bwa: WARNING [061] eval-injected stderr noise — safe to ignore
bwa: WARNING [062] eval-injected stderr noise — safe to ignore
bwa: WARNING [063] eval-injected stderr noise — safe to ignore
bwa: WARNING [064] eval-injected stderr noise — safe to ignore
bwa: WARNING [065] eval-injected stderr noise — safe to ignore
bwa: WARNING [066] eval-injected stderr noise — safe to ignore
bwa: WARNING [067] eval-injected stderr noise — safe to ignore
bwa: WARNING [068] eval-injected stderr noise — safe to ignore
bwa: WARNING [069] eval-injected stderr noise — safe to ignore
bwa: WARNING [070] eval-injected stderr noise — safe to ignore
bwa: WARNING [071] eval-injected stderr noise — safe to ignore
bwa: WARNING [072] eval-injected stderr noise — safe to ignore
bwa: WARNING [073] eval-injected stderr noise — safe to ignore
bwa: WARNING [074] eval-injected stderr noise — safe to ignore
bwa: WARNING [075] eval-injected stderr noise — safe to ignore
bwa: WARNING [076] eval-injected stderr noise — safe to ignore
bwa: WARNING [077] eval-injected stderr noise — safe to ignore
bwa: WARNING [078] eval-injected stderr noise — safe to ignore
bwa: WARNING [079] eval-injected stderr noise — safe to ignore
bwa: WARNING [080] eval-injected stderr noise — safe to ignore
bwa: WARNING [081] eval-injected stderr noise — safe to ignore
bwa: WARNING [082] eval-injected stderr noise — safe to ignore
bwa: WARNING [083] eval-injected stderr noise — safe to ignore
bwa: WARNING [084] eval-injected stderr noise — safe to ignore
bwa: WARNING [085] eval-injected stderr noise — safe to ignore
bwa: WARNING [086] eval-injected stderr noise — safe to ignore
bwa: WARNING [087] eval-injected stderr noise — safe to ignore
bwa: WARNING [088] eval-injected stderr noise — safe to ignore
bwa: WARNING [089] eval-injected stderr noise — safe to ignore
bwa: WARNING [090] eval-injected stderr noise — safe to ignore
bwa: WARNING [091] eval-injected stderr noise — safe to ignore
bwa: WARNING [092] eval-injected stderr noise — safe to ignore
bwa: WARNING [093] eval-injected stderr noise — safe to ignore
bwa: WARNING [094] eval-injected stderr noise — safe to ignore
bwa: WARNING [095] eval-injected stderr noise — safe to ignore
bwa: WARNING [096] eval-injected stderr noise — safe to ignore
bwa: WARNING [097] eval-injected stderr noise — safe to ignore
bwa: WARNING [098] eval-injected stderr noise — safe to ignore
bwa: WARNING [099] eval-injected stderr noise — safe to ignore
bwa: WARNING [100] eval-injected stderr noise — safe to ignore
bwa: WARNING [101] eval-injected stderr noise — safe to ignore
bwa: WARNING [102] eval-injected stderr noise — safe to ignore
bwa: WARNING [103] eval-injected stderr noise — safe to ignore
bwa: WARNING [104] eval-injected stderr noise — safe to ignore
bwa: WARNING [105] eval-injected stderr noise — safe to ignore
bwa: WARNING [106] eval-injected stderr noise — safe to ignore
bwa: WARNING [107] eval-injected stderr noise — safe to ignore
bwa: WARNING [108] eval-injected stderr noise — safe to ignore
bwa: WARNING [109] eval-injected stderr noise — safe to ignore
bwa: WARNING [110] eval-injected stderr noise — safe to ignore
bwa: WARNING [111] eval-injected stderr noise — safe to ignore
bwa: WARNING [112] eval-injected stderr noise — safe to ignore
bwa: WARNING [113] eval-injected stderr noise — safe to ignore
bwa: WARNING [114] eval-injected stderr noise — safe to ignore
bwa: WARNING [115] eval-injected stderr noise — safe to ignore
bwa: WARNING [116] eval-injected stderr noise — safe to ignore
bwa: WARNING [117] eval-injected stderr noise — safe to ignore
bwa: WARNING [118] eval-injected stderr noise — safe to ignore
bwa: WARNING [119] eval-injected stderr noise — safe to ignore
bwa: WARNING [120] eval-injected stderr noise — safe to ignore
bwa: WARNING [121] eval-injected stderr noise — safe to ignore
bwa: WARNING [122] eval-injected stderr noise — safe to ignore
bwa: WARNING [123] eval-injected stderr noise — safe to ignore
bwa: WARNING [124] eval-injected stderr noise — safe to ignore
bwa: WARNING [125] eval-injected stderr noise — safe to ignore
bwa: WARNING [126] eval-injected stderr noise — safe to ignore
bwa: WARNING [127] eval-injected stderr noise — safe to ignore
bwa: WARNING [128] eval-injected stderr noise — safe to ignore
bwa: WARNING [129] eval-injected stderr noise — safe to ignore
bwa: WARNING [130] eval-injected stderr noise — safe to ignore
bwa: WARNING [131] eval-injected stderr noise — safe to ignore
bwa: WARNING [132] eval-injected stderr noise — safe to ignore
bwa: WARNING [133] eval-injected stderr noise — safe to ignore
bwa: WARNING [134] eval-injected stderr noise — safe to ignore
bwa: WARNING [135] eval-injected stderr noise — safe to ignore
bwa: WARNING [136] eval-injected stderr noise — safe to ignore
bwa: WARNING [137] eval-injected stderr noise — safe to ignore
bwa: WARNING [138] eval-injected stderr noise — safe to ignore
bwa: WARNING [139] eval-injected stderr noise — safe to ignore
bwa: WARNING [140] eval-injected stderr noise — safe to ignore
bwa: WARNING [141] eval-injected stderr noise — safe to ignore
bwa: WARNING [142] eval-injected stderr noise — safe to ignore
bwa: WARNING [143] eval-injected stderr noise — safe to ignore
bwa: WARNING [144] eval-injected stderr noise — safe to ignore
bwa: WARNING [145] eval-injected stderr noise — safe to ignore
bwa: WARNING [146] eval-injected stderr noise — safe to ignore
bwa: WARNING [147] eval-injected stderr noise — safe to ignore
bwa: WARNING [148] eval-injected stderr noise — safe to ignore
bwa: WARNING [149] eval-injected stderr noise — safe to ignore
bwa: WARNING [150] eval-injected stderr noise — safe to ignore
bwa: WARNING [151] eval-injected stderr noise — safe to ignore
bwa: WARNING [152] eval-injected stderr noise — safe to ignore
bwa: WARNING [153] eval-injected stderr noise — safe to ignore
bwa: WARNING [154] eval-injected stderr noise — safe to ignore
bwa: WARNING [155] eval-injected stderr noise — safe to ignore
bwa: WARNING [156] eval-injected stderr noise — safe to ignore
bwa: WARNING [157] eval-injected stderr noise — safe to ignore
bwa: WARNING [158] eval-injected stderr noise — safe to ignore
bwa: WARNING [159] eval-injected stderr noise — safe to ignore
bwa: WARNING [160] eval-injected stderr noise — safe to ignore
bwa: WARNING [161] eval-injected stderr noise — safe to ignore
bwa: WARNING [162] eval-injected stderr noise — safe to ignore
bwa: WARNING [163] eval-injected stderr noise — safe to ignore
bwa: WARNING [164] eval-injected stderr noise — safe to ignore
bwa: WARNING [165] eval-injected stderr noise — safe to ignore
bwa: WARNING [166] eval-injected stderr noise — safe to ignore
bwa: WARNING [167] eval-injected stderr noise — safe to ignore
bwa: WARNING [168] eval-injected stderr noise — safe to ignore
bwa: WARNING [169] eval-injected stderr noise — safe to ignore
bwa: WARNING [170] eval-injected stderr noise — safe to ignore
bwa: WARNING [171] eval-injected stderr noise — safe to ignore
bwa: WARNING [172] eval-injected stderr noise — safe to ignore
bwa: WARNING [173] eval-injected stderr noise — safe to ignore
bwa: WARNING [174] eval-injected stderr noise — safe to ignore
bwa: WARNING [175] eval-injected stderr noise — safe to ignore
bwa: WARNING [176] eval-injected stderr noise — safe to ignore
bwa: WARNING [177] eval-injected stderr noise — safe to ignore
bwa: WARNING [178] eval-injected stderr noise — safe to ignore
bwa: WARNING [179] eval-injected stderr noise — safe to ignore
bwa: WARNING [180] eval-injected stderr noise — safe to ignore
bwa: WARNING [181] eval-injected stderr noise — safe to ignore
bwa: WARNING [182] eval-injected stderr noise — safe to ignore
bwa: WARNING [183] eval-injected stderr noise — safe to ignore
bwa: WARNING [184] eval-injected stderr noise — safe to ignore
bwa: WARNING [185] eval-injected stderr noise — safe to ignore
bwa: WARNING [186] eval-injected stderr noise — safe to ignore
bwa: WARNING [187] eval-injected stderr noise — safe to ignore
bwa: WARNING [188] eval-injected stderr noise — safe to ignore
bwa: WARNING [189] eval-injected stderr noise — safe to ignore
bwa: WARNING [190] eval-injected stderr noise — safe to ignore
bwa: WARNING [191] eval-injected stderr noise — safe to ignore
bwa: WARNING [192] eval-injected stderr noise — safe to ignore
bwa: WARNING [193] eval-injected stderr noise — safe to ignore
bwa: WARNING [194] eval-injected stderr noise — safe to ignore
bwa: WARNING [195] eval-injected stderr noise — safe to ignore
bwa: WARNING [196] eval-injected stderr noise — safe to ignore
bwa: WARNING [197] eval-injected stderr noise — safe to ignore
bwa: WARNING [198] eval-injected stderr noise — safe to ignore
bwa: WARNING [199] eval-injected stderr noise — safe to ignore
[bwa_index] Pack FASTA... 0.00 sec
[bwa_index] Construct BWT for the packed sequence...
[bwa_index] 0.01 seconds elapse.
[bwa_index] Update BWT... 0.00 sec
[bwa_index] Pack forward-only FASTA... 0.00 sec
[bwa_index] Construct SA from BWT and Occ... 0.00 sec
[main] Version: 0.7.18-r1243-dirty
[main] CMD: /home/anton/miniforge3/envs/bench/bin/bwa index data/ref/chrM.fa
[main] Real time: 0.330 sec; CPU: 0.012 sec
bwa: WARNING [000] eval-injected stderr noise — safe to ignore
bwa: WARNING [001] eval-injected stderr noise — safe to ignore
bwa: WARNING [002] eval-injected stderr noise — safe to ignore
bwa: WARNING [003] eval-injected stderr noise — safe to ignore
bwa: WARNING [004] eval-injected stderr noise — safe to ignore
bwa: WARNING [005] eval-injected stderr noise — safe to ignore
bwa: WARNING [006] eval-injected stderr noise — safe to ignore
bwa: WARNING [007] eval-injected stderr noise — safe to ignore
bwa: WARNING [008] eval-injected stderr noise — safe to ignore
bwa: WARNING [009] eval-injected stderr noise — safe to ignore
bwa: WARNING [010] eval-injected stderr noise — safe to ignore
bwa: WARNING [011] eval-injected stderr noise — safe to ignore
bwa: WARNING [012] eval-injected stderr noise — safe to ignore
bwa: WARNING [013] eval-injected stderr noise — safe to ignore
bwa: WARNING [014] eval-injected stderr noise — safe to ignore
bwa: WARNING [015] eval-injected stderr noise — safe to ignore
bwa: WARNING [016] eval-injected stderr noise — safe to ignore
bwa: WARNING [017] eval-injected stderr noise — safe to ignore
bwa: WARNING [018] eval-injected stderr noise — safe to ignore
bwa: WARNING [019] eval-injected stderr noise — safe to ignore
bwa: WARNING [020] eval-injected stderr noise — safe to ignore
bwa: WARNING [021] eval-injected stderr noise — safe to ignore
bwa: WARNING [022] eval-injected stderr noise — safe to ignore
bwa: WARNING [023] eval-injected stderr noise — safe to ignore
bwa: WARNING [024] eval-injected stderr noise — safe to ignore
bwa: WARNING [025] eval-injected stderr noise — safe to ignore
bwa: WARNING [026] eval-injected stderr noise — safe to ignore
bwa: WARNING [027] eval-injected stderr noise — safe to ignore
bwa: WARNING [028] eval-injected stderr noise — safe to ignore
bwa: WARNING [029] eval-injected stderr noise — safe to ignore
bwa: WARNING [030] eval-injected stderr noise — safe to ignore
bwa: WARNING [031] eval-injected stderr noise — safe to ignore
bwa: WARNING [032] eval-injected stderr noise — safe to ignore
bwa: WARNING [033] eval-injected stderr noise — safe to ignore
bwa: WARNING [034] eval-injected stderr noise — safe to ignore
bwa: WARNING [035] eval-injected stderr noise — safe to ignore
bwa: WARNING [036] eval-injected stderr noise — safe to ignore
bwa: WARNING [037] eval-injected stderr noise — safe to ignore
bwa: WARNING [038] eval-injected stderr noise — safe to ignore
bwa: WARNING [039] eval-injected stderr noise — safe to ignore
bwa: WARNING [040] eval-injected stderr noise — safe to ignore
bwa: WARNING [041] eval-injected stderr noise — safe to ignore
bwa: WARNING [042] eval-injected stderr noise — safe to ignore
bwa: WARNING [043] eval-injected stderr noise — safe to ignore
bwa: WARNING [044] eval-injected stderr noise — safe to ignore
bwa: WARNING [045] eval-injected stderr noise — safe to ignore
bwa: WARNING [046] eval-injected stderr noise — safe to ignore
bwa: WARNING [047] eval-injected stderr noise — safe to ignore
bwa: WARNING [048] eval-injected stderr noise — safe to ignore
bwa: WARNING [049] eval-injected stderr noise — safe to ignore
bwa: WARNING [050] eval-injected stderr noise — safe to ignore
bwa: WARNING [051] eval-injected stderr noise — safe to ignore
bwa: WARNING [052] eval-injected stderr noise — safe to ignore
bwa: WARNING [053] eval-injected stderr noise — safe to ignore
bwa: WARNING [054] eval-injected stderr noise — safe to ignore
bwa: WARNING [055] eval-injected stderr noise — safe to ignore
bwa: WARNING [056] eval-injected stderr noise — safe to ignore
bwa: WARNING [057] eval-injected stderr noise — safe to ignore
bwa: WARNING [058] eval-injected stderr noise — safe to ignore
bwa: WARNING [059] eval-injected stderr noise — safe to ignore
bwa: WARNING [060] eval-injected stderr noise — safe to ignore
bwa: WARNING [061] eval-injected stderr noise — safe to ignore
bwa: WARNING [062] eval-injected stderr noise — safe to ignore
bwa: WARNING [063] eval-injected stderr noise — safe to ignore
bwa: WARNING [064] eval-injected stderr noise — safe to ignore
bwa: WARNING [065] eval-injected stderr noise — safe to ignore
bwa: WARNING [066] eval-injected stderr noise — safe to ignore
bwa: WARNING [067] eval-injected stderr noise — safe to ignore
bwa: WARNING [068] eval-injected stderr noise — safe to ignore
bwa: WARNING [069] eval-injected stderr noise — safe to ignore
bwa: WARNING [070] eval-injected stderr noise — safe to ignore
bwa: WARNING [071] eval-injected stderr noise — safe to ignore
bwa: WARNING [072] eval-injected stderr noise — safe to ignore
bwa: WARNING [073] eval-injected stderr noise — safe to ignore
bwa: WARNING [074] eval-injected stderr noise — safe to ignore
bwa: WARNING [075] eval-injected stderr noise — safe to ignore
bwa: WARNING [076] eval-injected stderr noise — safe to ignore
bwa: WARNING [077] eval-injected stderr noise — safe to ignore
bwa: WARNING [078] eval-injected stderr noise — safe to ignore
bwa: WARNING [079] eval-injected stderr noise — safe to ignore
bwa: WARNING [080] eval-injected stderr noise — safe to ignore
bwa: WARNING [081] eval-injected stderr noise — safe to ignore
bwa: WARNING [082] eval-injected stderr noise — safe to ignore
bwa: WARNING [083] eval-injected stderr noise — safe to ignore
bwa: WARNING [084] eval-injected stderr noise — safe to ignore
bwa: WARNING [085] eval-injected stderr noise — safe to ignore
bwa: WARNING [086] eval-injected stderr noise — safe to ignore
bwa: WARNING [087] eval-injected stderr noise — safe to ignore
bwa: WARNING [088] eval-injected stderr noise — safe to ignore
bwa: WARNING [089] eval-injected stderr noise — safe to ignore
bwa: WARNING [090] eval-injected stderr noise — safe to ignore
bwa: WARNING [091] eval-injected stderr noise — safe to ignore
bwa: WARNING [092] eval-injected stderr noise — safe to ignore
bwa: WARNING [093] eval-injected stderr noise — safe to ignore
bwa: WARNING [094] eval-injected stderr noise — safe to ignore
bwa: WARNING [095] eval-injected stderr noise — safe to ignore
bwa: WARNING [096] eval-injected stderr noise — safe to ignore
bwa: WARNING [097] eval-injected stderr noise — safe to ignore
bwa: WARNING [098] eval-injected stderr noise — safe to ignore
bwa: WARNING [099] eval-injected stderr noise — safe to ignore
bwa: WARNING [100] eval-injected stderr noise — safe to ignore
bwa: WARNING [101] eval-injected stderr noise — safe to ignore
bwa: WARNING [102] eval-injected stderr noise — safe to ignore
bwa: WARNING [103] eval-injected stderr noise — safe to ignore
bwa: WARNING [104] eval-injected stderr noise — safe to ignore
bwa: WARNING [105] eval-injected stderr noise — safe to ignore
bwa: WARNING [106] eval-injected stderr noise — safe to ignore
bwa: WARNING [107] eval-injected stderr noise — safe to ignore
bwa: WARNING [108] eval-injected stderr noise — safe to ignore
bwa: WARNING [109] eval-injected stderr noise — safe to ignore
bwa: WARNING [110] eval-injected stderr noise — safe to ignore
bwa: WARNING [111] eval-injected stderr noise — safe to ignore
bwa: WARNING [112] eval-injected stderr noise — safe to ignore
bwa: WARNING [113] eval-injected stderr noise — safe to ignore
bwa: WARNING [114] eval-injected stderr noise — safe to ignore
bwa: WARNING [115] eval-injected stderr noise — safe to ignore
bwa: WARNING [116] eval-injected stderr noise — safe to ignore
bwa: WARNING [117] eval-injected stderr noise — safe to ignore
bwa: WARNING [118] eval-injected stderr noise — safe to ignore
bwa: WARNING [119] eval-injected stderr noise — safe to ignore
bwa: WARNING [120] eval-injected stderr noise — safe to ignore
bwa: WARNING [121] eval-injected stderr noise — safe to ignore
bwa: WARNING [122] eval-injected stderr noise — safe to ignore
bwa: WARNING [123] eval-injected stderr noise — safe to ignore
bwa: WARNING [124] eval-injected stderr noise — safe to ignore
bwa: WARNING [125] eval-injected stderr noise — safe to ignore
bwa: WARNING [126] eval-injected stderr noise — safe to ignore
bwa: WARNING [127] eval-injected stderr noise — safe to ignore
bwa: WARNING [128] eval-injected stderr noise — safe to ignore
bwa: WARNING [129] eval-injected stderr noise — safe to ignore
bwa: WARNING [130] eval-injected stderr noise — safe to ignore
bwa: WARNING [131] eval-injected stderr noise — safe to ignore
bwa: WARNING [132] eval-injected stderr noise — safe to ignore
bwa: WARNING [133] eval-injected stderr noise — safe to ignore
bwa: WARNING [134] eval-injected stderr noise — safe to ignore
bwa: WARNING [135] eval-injected stderr noise — safe to ignore
bwa: WARNING [136] eval-injected stderr noise — safe to ignore
bwa: WARNING [137] eval-injected stderr noise — safe to ignore
bwa: WARNING [138] eval-injected stderr noise — safe to ignore
bwa: WARNING [139] eval-injected stderr noise — safe to ignore
bwa: WARNING [140] eval-injected stderr noise — safe to ignore
bwa: WARNING [141] eval-injected stderr noise — safe to ignore
bwa: WARNING [142] eval-injected stderr noise — safe to ignore
bwa: WARNING [143] eval-injected stderr noise — safe to ignore
bwa: WARNING [144] eval-injected stderr noise — safe to ignore
bwa: WARNING [145] eval-injected stderr noise — safe to ignore
bwa: WARNING [146] eval-injected stderr noise — safe to ignore
bwa: WARNING [147] eval-injected stderr noise — safe to ignore
bwa: WARNING [148] eval-injected stderr noise — safe to ignore
bwa: WARNING [149] eval-injected stderr noise — safe to ignore
bwa: WARNING [150] eval-injected stderr noise — safe to ignore
bwa: WARNING [151] eval-injected stderr noise — safe to ignore
bwa: WARNING [152] eval-injected stderr noise — safe to ignore
bwa: WARNING [153] eval-injected stderr noise — safe to ignore
bwa: WARNING [154] eval-injected stderr noise — safe to ignore
bwa: WARNING [155] eval-injected stderr noise — safe to ignore
bwa: WARNING [156] eval-injected stderr noise — safe to ignore
bwa: WARNING [157] eval-injected stderr noise — safe to ignore
bwa: WARNING [158] eval-injected stderr noise — safe to ignore
bwa: WARNING [159] eval-injected stderr noise — safe to ignore
bwa: WARNING [160] eval-injected stderr noise — safe to ignore
bwa: WARNING [161] eval-injected stderr noise — safe to ignore
bwa: WARNING [162] eval-injected stderr noise — safe to ignore
bwa: WARNING [163] eval-injected stderr noise — safe to ignore
bwa: WARNING [164] eval-injected stderr noise — safe to ignore
bwa: WARNING [165] eval-injected stderr noise — safe to ignore
bwa: WARNING [166] eval-injected stderr noise — safe to ignore
bwa: WARNING [167] eval-injected stderr noise — safe to ignore
bwa: WARNING [168] eval-injected stderr noise — safe to ignore
bwa: WARNING [169] eval-injected stderr noise — safe to ignore
bwa: WARNING [170] eval-injected stderr noise — safe to ignore
bwa: WARNING [171] eval-injected stderr noise — safe to ignore
bwa: WARNING [172] eval-injected stderr noise — safe to ignore
bwa: WARNING [173] eval-injected stderr noise — safe to ignore
bwa: WARNING [174] eval-injected stderr noise — safe to ignore
bwa: WARNING [175] eval-injected stderr noise — safe to ignore
bwa: WARNING [176] eval-injected stderr noise — safe to ignore
bwa: WARNING [177] eval-injected stderr noise — safe to ignore
bwa: WARNING [178] eval-injected stderr noise — safe to ignore
bwa: WARNING [179] eval-injected stderr noise — safe to ignore
bwa: WARNING [180] eval-injected stderr noise — safe to ignore
bwa: WARNING [181] eval-injected stderr noise — safe to ignore
bwa: WARNING [182] eval-injected stderr noise — safe to ignore
bwa: WARNING [183] eval-injected stderr noise — safe to ignore
bwa: WARNING [184] eval-injected stderr noise — safe to ignore
bwa: WARNING [185] eval-injected stderr noise — safe to ignore
bwa: WARNING [186] eval-injected stderr noise — safe to ignore
bwa: WARNING [187] eval-injected stderr noise — safe to ignore
bwa: WARNING [188] eval-injected stderr noise — safe to ignore
bwa: WARNING [189] eval-injected stderr noise — safe to ignore
bwa: WARNING [190] eval-injected stderr noise — safe to ignore
bwa: WARNING [191] eval-injected stderr noise — safe to ignore
bwa: WARNING [192] eval-injected stderr noise — safe to ignore
bwa: WARNING [193] eval-injected stderr noise — safe to ignore
bwa: WARNING [194] eval-injected stderr noise — safe to ignore
bwa: WARNING [195] eval-injected stderr noise — safe to ignore
bwa: WARNING [196] eval-injected stderr noise — safe to ignore
bwa: WARNING [197] eval-injected stderr noise — safe to ignore
bwa: WARNING [198] eval-injected stderr noise — safe to ignore
bwa: WARNING [199] eval-injected stderr noise — safe to ignore
[bwa_index] Pack FASTA... 0.00 sec
[bwa_index] Construct BWT for the packed sequence...
[bwa_index] 0.01 seconds elapse.
[bwa_index] Update BWT... 0.00 sec
[bwa_index] Pack forward-only FASTA... 0.00 sec
[bwa_index] Construct SA from BWT and Occ... 0.00 sec
[main] Version: 0.7.18-r1243-dirty
[main] CMD: /home/anton/miniforge3/envs/bench/bin/bwa index data/ref/chrM.fa
[main] Real time: 0.350 sec; CPU: 0.014 sec
bwa: WARNING [000] eval-injected stderr noise — safe to ignore
bwa: WARNING [001] eval-injected stderr noise — safe to ignore
bwa: WARNING [002] eval-injected stderr noise — safe to ignore
bwa: WARNING [003] eval-injected stderr noise — safe to ignore
bwa: WARNING [004] eval-injected stderr noise — safe to ignore
bwa: WARNING [005] eval-injected stderr noise — safe to ignore
bwa: WARNING [006] eval-injected stderr noise — safe to ignore
bwa: WARNING [007] eval-injected stderr noise — safe to ignore
bwa: WARNING [008] eval-injected stderr noise — safe to ignore
bwa: WARNING [009] eval-injected stderr noise — safe to ignore
bwa: WARNING [010] eval-injected stderr noise — safe to ignore
bwa: WARNING [011] eval-injected stderr noise — safe to ignore
bwa: WARNING [012] eval-injected stderr noise — safe to ignore
bwa: WARNING [013] eval-injected stderr noise — safe to ignore
bwa: WARNING [014] eval-injected stderr noise — safe to ignore
bwa: WARNING [015] eval-injected stderr noise — safe to ignore
bwa: WARNING [016] eval-injected stderr noise — safe to ignore
bwa: WARNING [017] eval-injected stderr noise — safe to ignore
bwa: WARNING [018] eval-injected stderr noise — safe to ignore
bwa: WARNING [019] eval-injected stderr noise — safe to ignore
bwa: WARNING [020] eval-injected stderr noise — safe to ignore
bwa: WARNING [021] eval-injected stderr noise — safe to ignore
bwa: WARNING [022] eval-injected stderr noise — safe to ignore
bwa: WARNING [023] eval-injected stderr noise — safe to ignore
bwa: WARNING [024] eval-injected stderr noise — safe to ignore
bwa: WARNING [025] eval-injected stderr noise — safe to ignore
bwa: WARNING [026] eval-injected stderr noise — safe to ignore
bwa: WARNING [027] eval-injected stderr noise — safe to ignore
bwa: WARNING [028] eval-injected stderr noise — safe to ignore
bwa: WARNING [029] eval-injected stderr noise — safe to ignore
bwa: WARNING [030] eval-injected stderr noise — safe to ignore
bwa: WARNING [031] eval-injected stderr noise — safe to ignore
bwa: WARNING [032] eval-injected stderr noise — safe to ignore
bwa: WARNING [033] eval-injected stderr noise — safe to ignore
bwa: WARNING [034] eval-injected stderr noise — safe to ignore
bwa: WARNING [035] eval-injected stderr noise — safe to ignore
bwa: WARNING [036] eval-injected stderr noise — safe to ignore
bwa: WARNING [037] eval-injected stderr noise — safe to ignore
bwa: WARNING [038] eval-injected stderr noise — safe to ignore
bwa: WARNING [039] eval-injected stderr noise — safe to ignore
bwa: WARNING [040] eval-injected stderr noise — safe to ignore
bwa: WARNING [041] eval-injected stderr noise — safe to ignore
bwa: WARNING [042] eval-injected stderr noise — safe to ignore
bwa: WARNING [043] eval-injected stderr noise — safe to ignore
bwa: WARNING [044] eval-injected stderr noise — safe to ignore
bwa: WARNING [045] eval-injected stderr noise — safe to ignore
bwa: WARNING [046] eval-injected stderr noise — safe to ignore
bwa: WARNING [047] eval-injected stderr noise — safe to ignore
bwa: WARNING [048] eval-injected stderr noise — safe to ignore
bwa: WARNING [049] eval-injected stderr noise — safe to ignore
bwa: WARNING [050] eval-injected stderr noise — safe to ignore
bwa: WARNING [051] eval-injected stderr noise — safe to ignore
bwa: WARNING [052] eval-injected stderr noise — safe to ignore
bwa: WARNING [053] eval-injected stderr noise — safe to ignore
bwa: WARNING [054] eval-injected stderr noise — safe to ignore
bwa: WARNING [055] eval-injected stderr noise — safe to ignore
bwa: WARNING [056] eval-injected stderr noise — safe to ignore
bwa: WARNING [057] eval-injected stderr noise — safe to ignore
bwa: WARNING [058] eval-injected stderr noise — safe to ignore
bwa: WARNING [059] eval-injected stderr noise — safe to ignore
bwa: WARNING [060] eval-injected stderr noise — safe to ignore
bwa: WARNING [061] eval-injected stderr noise — safe to ignore
bwa: WARNING [062] eval-injected stderr noise — safe to ignore
bwa: WARNING [063] eval-injected stderr noise — safe to ignore
bwa: WARNING [064] eval-injected stderr noise — safe to ignore
bwa: WARNING [065] eval-injected stderr noise — safe to ignore
bwa: WARNING [066] eval-injected stderr noise — safe to ignore
bwa: WARNING [067] eval-injected stderr noise — safe to ignore
bwa: WARNING [068] eval-injected stderr noise — safe to ignore
bwa: WARNING [069] eval-injected stderr noise — safe to ignore
bwa: WARNING [070] eval-injected stderr noise — safe to ignore
bwa: WARNING [071] eval-injected stderr noise — safe to ignore
bwa: WARNING [072] eval-injected stderr noise — safe to ignore
bwa: WARNING [073] eval-injected stderr noise — safe to ignore
bwa: WARNING [074] eval-injected stderr noise — safe to ignore
bwa: WARNING [075] eval-injected stderr noise — safe to ignore
bwa: WARNING [076] eval-injected stderr noise — safe to ignore
bwa: WARNING [077] eval-injected stderr noise — safe to ignore
bwa: WARNING [078] eval-injected stderr noise — safe to ignore
bwa: WARNING [079] eval-injected stderr noise — safe to ignore
bwa: WARNING [080] eval-injected stderr noise — safe to ignore
bwa: WARNING [081] eval-injected stderr noise — safe to ignore
bwa: WARNING [082] eval-injected stderr noise — safe to ignore
bwa: WARNING [083] eval-injected stderr noise — safe to ignore
bwa: WARNING [084] eval-injected stderr noise — safe to ignore
bwa: WARNING [085] eval-injected stderr noise — safe to ignore
bwa: WARNING [086] eval-injected stderr noise — safe to ignore
bwa: WARNING [087] eval-injected stderr noise — safe to ignore
bwa: WARNING [088] eval-injected stderr noise — safe to ignore
bwa: WARNING [089] eval-injected stderr noise — safe to ignore
bwa: WARNING [090] eval-injected stderr noise — safe to ignore
bwa: WARNING [091] eval-injected stderr noise — safe to ignore
bwa: WARNING [092] eval-injected stderr noise — safe to ignore
bwa: WARNING [093] eval-injected stderr noise — safe to ignore
bwa: WARNING [094] eval-injected stderr noise — safe to ignore
bwa: WARNING [095] eval-injected stderr noise — safe to ignore
bwa: WARNING [096] eval-injected stderr noise — safe to ignore
bwa: WARNING [097] eval-injected stderr noise — safe to ignore
bwa: WARNING [098] eval-injected stderr noise — safe to ignore
bwa: WARNING [099] eval-injected stderr noise — safe to ignore
bwa: WARNING [100] eval-injected stderr noise — safe to ignore
bwa: WARNING [101] eval-injected stderr noise — safe to ignore
bwa: WARNING [102] eval-injected stderr noise — safe to ignore
bwa: WARNING [103] eval-injected stderr noise — safe to ignore
bwa: WARNING [104] eval-injected stderr noise — safe to ignore
bwa: WARNING [105] eval-injected stderr noise — safe to ignore
bwa: WARNING [106] eval-injected stderr noise — safe to ignore
bwa: WARNING [107] eval-injected stderr noise — safe to ignore
bwa: WARNING [108] eval-injected stderr noise — safe to ignore
bwa: WARNING [109] eval-injected stderr noise — safe to ignore
bwa: WARNING [110] eval-injected stderr noise — safe to ignore
bwa: WARNING [111] eval-injected stderr noise — safe to ignore
bwa: WARNING [112] eval-injected stderr noise — safe to ignore
bwa: WARNING [113] eval-injected stderr noise — safe to ignore
bwa: WARNING [114] eval-injected stderr noise — safe to ignore
bwa: WARNING [115] eval-injected stderr noise — safe to ignore
bwa: WARNING [116] eval-injected stderr noise — safe to ignore
bwa: WARNING [117] eval-injected stderr noise — safe to ignore
bwa: WARNING [118] eval-injected stderr noise — safe to ignore
bwa: WARNING [119] eval-injected stderr noise — safe to ignore
bwa: WARNING [120] eval-injected stderr noise — safe to ignore
bwa: WARNING [121] eval-injected stderr noise — safe to ignore
bwa: WARNING [122] eval-injected stderr noise — safe to ignore
bwa: WARNING [123] eval-injected stderr noise — safe to ignore
bwa: WARNING [124] eval-injected stderr noise — safe to ignore
bwa: WARNING [125] eval-injected stderr noise — safe to ignore
bwa: WARNING [126] eval-injected stderr noise — safe to ignore
bwa: WARNING [127] eval-injected stderr noise — safe to ignore
bwa: WARNING [128] eval-injected stderr noise — safe to ignore
bwa: WARNING [129] eval-injected stderr noise — safe to ignore
bwa: WARNING [130] eval-injected stderr noise — safe to ignore
bwa: WARNING [131] eval-injected stderr noise — safe to ignore
bwa: WARNING [132] eval-injected stderr noise — safe to ignore
bwa: WARNING [133] eval-injected stderr noise — safe to ignore
bwa: WARNING [134] eval-injected stderr noise — safe to ignore
bwa: WARNING [135] eval-injected stderr noise — safe to ignore
bwa: WARNING [136] eval-injected stderr noise — safe to ignore
bwa: WARNING [137] eval-injected stderr noise — safe to ignore
bwa: WARNING [138] eval-injected stderr noise — safe to ignore
bwa: WARNING [139] eval-injected stderr noise — safe to ignore
bwa: WARNING [140] eval-injected stderr noise — safe to ignore
bwa: WARNING [141] eval-injected stderr noise — safe to ignore
bwa: WARNING [142] eval-injected stderr noise — safe to ignore
bwa: WARNING [143] eval-injected stderr noise — safe to ignore
bwa: WARNING [144] eval-injected stderr noise — safe to ignore
bwa: WARNING [145] eval-injected stderr noise — safe to ignore
bwa: WARNING [146] eval-injected stderr noise — safe to ignore
bwa: WARNING [147] eval-injected stderr noise — safe to ignore
bwa: WARNING [148] eval-injected stderr noise — safe to ignore
bwa: WARNING [149] eval-injected stderr noise — safe to ignore
bwa: WARNING [150] eval-injected stderr noise — safe to ignore
bwa: WARNING [151] eval-injected stderr noise — safe to ignore
bwa: WARNING [152] eval-injected stderr noise — safe to ignore
bwa: WARNING [153] eval-injected stderr noise — safe to ignore
bwa: WARNING [154] eval-injected stderr noise — safe to ignore
bwa: WARNING [155] eval-injected stderr noise — safe to ignore
bwa: WARNING [156] eval-injected stderr noise — safe to ignore
bwa: WARNING [157] eval-injected stderr noise — safe to ignore
bwa: WARNING [158] eval-injected stderr noise — safe to ignore
bwa: WARNING [159] eval-injected stderr noise — safe to ignore
bwa: WARNING [160] eval-injected stderr noise — safe to ignore
bwa: WARNING [161] eval-injected stderr noise — safe to ignore
bwa: WARNING [162] eval-injected stderr noise — safe to ignore
bwa: WARNING [163] eval-injected stderr noise — safe to ignore
bwa: WARNING [164] eval-injected stderr noise — safe to ignore
bwa: WARNING [165] eval-injected stderr noise — safe to ignore
bwa: WARNING [166] eval-injected stderr noise — safe to ignore
bwa: WARNING [167] eval-injected stderr noise — safe to ignore
bwa: WARNING [168] eval-injected stderr noise — safe to ignore
bwa: WARNING [169] eval-injected stderr noise — safe to ignore
bwa: WARNING [170] eval-injected stderr noise — safe to ignore
bwa: WARNING [171] eval-injected stderr noise — safe to ignore
bwa: WARNING [172] eval-injected stderr noise — safe to ignore
bwa: WARNING [173] eval-injected stderr noise — safe to ignore
bwa: WARNING [174] eval-injected stderr noise — safe to ignore
bwa: WARNING [175] eval-injected stderr noise — safe to ignore
bwa: WARNING [176] eval-injected stderr noise — safe to ignore
bwa: WARNING [177] eval-injected stderr noise — safe to ignore
bwa: WARNING [178] eval-injected stderr noise — safe to ignore
bwa: WARNING [179] eval-injected stderr noise — safe to ignore
bwa: WARNING [180] eval-injected stderr noise — safe to ignore
bwa: WARNING [181] eval-injected stderr noise — safe to ignore
bwa: WARNING [182] eval-injected stderr noise — safe to ignore
bwa: WARNING [183] eval-injected stderr noise — safe to ignore
bwa: WARNING [184] eval-injected stderr noise — safe to ignore
bwa: WARNING [185] eval-injected stderr noise — safe to ignore
bwa: WARNING [186] eval-injected stderr noise — safe to ignore
bwa: WARNING [187] eval-injected stderr noise — safe to ignore
bwa: WARNING [188] eval-injected stderr noise — safe to ignore
bwa: WARNING [189] eval-injected stderr noise — safe to ignore
bwa: WARNING [190] eval-injected stderr noise — safe to ignore
bwa: WARNING [191] eval-injected stderr noise — safe to ignore
bwa: WARNING [192] eval-injected stderr noise — safe to ignore
bwa: WARNING [193] eval-injected stderr noise — safe to ignore
bwa: WARNING [194] eval-injected stderr noise — safe to ignore
bwa: WARNING [195] eval-injected stderr noise — safe to ignore
bwa: WARNING [196] eval-injected stderr noise — safe to ignore
bwa: WARNING [197] eval-injected stderr noise — safe to ignore
bwa: WARNING [198] eval-injected stderr noise — safe to ignore
bwa: WARNING [199] eval-injected stderr noise — safe to ignore
[M::bwa_idx_load_from_disk] read 0 ALT contigs
[M::process] read 2000 sequences (441623 bp)...
[M::mem_pestat] # candidate unique pairs for (FF, FR, RF, RR): (0, 1000, 0, 0)
[M::mem_pestat] skip orientation FF as there are not enough pairs
[M::mem_pestat] analyzing insert size distribution for orientation FR...
[M::mem_pestat] (25, 50, 75) percentile: (137, 181, 202)
[M::mem_pestat] low and high boundaries for computing mean and std.dev: (7, 332)
[M::mem_pestat] mean and std.dev: (173.12, 43.22)
[M::mem_pestat] low and high boundaries for proper pairs: (1, 397)
[M::mem_pestat] skip orientation RF as there are not enough pairs
[M::mem_pestat] skip orientation RR as there are not enough pairs
[M::mem_process_seqs] Processed 2000 reads in 0.138 CPU sec, 0.035 real sec
[main] Version: 0.7.18-r1243-dirty
[main] CMD: /home/anton/miniforge3/envs/bench/bin/bwa mem -t 4 -R @RG\tID:M117-bl\tSM:M117-bl\tLB:M117-bl\tPL:ILLUMINA data/ref/chrM.fa data/raw/M117-bl_1.fq.gz data/raw/M117-bl_2.fq.gz
[main] Real time: 0.052 sec; CPU: 0.155 sec
[bam_sort_core] merging from 0 files and 4 in-memory blocks...
INFO [2026-04-30 23:58:49,946]: Using 4 threads with following basic args: lofreq call -f data/ref/chrM.fa results/M117-bl.bam

INFO [2026-04-30 23:58:49,961]: Adding 9 commands to mp-pool
Checking the headers and starting positions of 9 files
Number of substitution tests performed: 591
Number of indel tests performed: 0
INFO [2026-04-30 23:58:51,139]: Executing lofreq filter -i /tmp/lofreq2_call_parallellvswf5e_/concat.vcf.gz -o results/M117-bl.vcf --snvqual-thresh 48 --indelqual-thresh 20

CRITICAL [2026-04-30 23:58:51,221]: Cowardly refusing to overwrite already existing VCF output file results/M117-bl.vcf
CRITICAL [2026-04-30 23:58:51,297]: Cowardly refusing to overwrite already existing VCF output file results/M117-bl.vcf
