[bwa_index] Pack FASTA... 0.00 sec
[bwa_index] Construct BWT for the packed sequence...
[bwa_index] 0.01 seconds elapse.
[bwa_index] Update BWT... 0.00 sec
[bwa_index] Pack forward-only FASTA... 0.00 sec
[bwa_index] Construct SA from BWT and Occ... 0.00 sec
[main] Version: 0.7.18-r1243-dirty
[main] CMD: /home/anton/miniforge3/envs/bench/bin/bwa index data/ref/chrM.fa
[main] Real time: 0.336 sec; CPU: 0.012 sec
run.sh: line 22: $']] -- bwa index "$REF"; then\n  echo "[run.sh] reference index failed" >&2; exit 1\nfi\n\nsamtools faidx "$REF"\nif ! try __ref__ faidx [[': command not found
run.sh: line 23: $']] -- bwa index "$REF"; then\n  echo "[run.sh] reference index failed" >&2; exit 1\nfi\n\nsamtools faidx "$REF"\nif ! try __ref__ faidx [[': command not found
[M::bwa_idx_load_from_disk] read 0 ALT contigs
[M::process] read 2000 sequences (441623 bp)...
[M::mem_pestat] # candidate unique pairs for (FF, FR, RF, RR): (0, 1000, 0, 0)
[M::mem_pestat] skip orientation FF as there are not enough pairs
[M::mem_pestat] analyzing insert size distribution for orientation FR...
[M::mem_pestat] (25, 50, 75) percentile: (137, 181, 202)
[M::mem_pestat] low and high boundaries for computing mean and std.dev: (7, 332)
[M::mem_pestat] mean and std.dev: (173.12, 43.22)
[M::mem_pestat] low and high boundaries for proper pairs: (1, 397)
[M::mem_pestat] skip orientation RF as there are not enough pairs
[M::mem_pestat] skip orientation RR as there are not enough pairs
[M::mem_process_seqs] Processed 2000 reads in 0.142 CPU sec, 0.036 real sec
[main] Version: 0.7.18-r1243-dirty
[main] CMD: /home/anton/miniforge3/envs/bench/bin/bwa mem -t 4 -R @RG\tID:M117-bl\tSM:M117-bl\tLB:M117-bl\tPL:ILLUMINA data/ref/chrM.fa data/raw/M117-bl_1.fq.gz data/raw/M117-bl_2.fq.gz
[main] Real time: 0.049 sec; CPU: 0.156 sec
[bam_sort_core] merging from 0 files and 4 in-memory blocks...
run.sh: eval: line 22: unexpected EOF while looking for matching `"'
run.sh: eval: line 23: unexpected argument to conditional unary operator
[M::bwa_idx_load_from_disk] read 0 ALT contigs
[M::process] read 2000 sequences (441623 bp)...
[M::mem_pestat] # candidate unique pairs for (FF, FR, RF, RR): (0, 1000, 0, 0)
[M::mem_pestat] skip orientation FF as there are not enough pairs
[M::mem_pestat] analyzing insert size distribution for orientation FR...
[M::mem_pestat] (25, 50, 75) percentile: (137, 181, 202)
[M::mem_pestat] low and high boundaries for computing mean and std.dev: (7, 332)
[M::mem_pestat] mean and std.dev: (173.12, 43.22)
[M::mem_pestat] low and high boundaries for proper pairs: (1, 397)
[M::mem_pestat] skip orientation RF as there are not enough pairs
[M::mem_pestat] skip orientation RR as there are not enough pairs
[M::mem_process_seqs] Processed 2000 reads in 0.129 CPU sec, 0.033 real sec
[main] Version: 0.7.18-r1243-dirty
[main] CMD: /home/anton/miniforge3/envs/bench/bin/bwa mem -t 4 -R @RG\tID:M117-bl\tSM:M117-bl\tLB:M117-bl\tPL:ILLUMINA data/ref/chrM.fa data/raw/M117-bl_1.fq.gz data/raw/M117-bl_2.fq.gz
[main] Real time: 0.040 sec; CPU: 0.136 sec
[bam_sort_core] merging from 0 files and 4 in-memory blocks...
run.sh: eval: line 23: unexpected EOF while looking for matching `"'
run.sh: eval: line 24: unexpected argument to conditional unary operator
run.sh: eval: line 22: unexpected EOF while looking for matching `"'
run.sh: eval: line 23: unexpected argument to conditional unary operator
run.sh: eval: line 23: unexpected EOF while looking for matching `"'
run.sh: eval: line 24: unexpected argument to conditional unary operator
INFO [2026-04-30 19:38:38,750]: Using 4 threads with following basic args: lofreq call -f data/ref/chrM.fa results/M117-bl.bam

INFO [2026-04-30 19:38:38,763]: Adding 9 commands to mp-pool
Checking the headers and starting positions of 9 files
Number of substitution tests performed: 591
Number of indel tests performed: 0
INFO [2026-04-30 19:38:39,962]: Executing lofreq filter -i /tmp/lofreq2_call_parallelopwjfx6v/concat.vcf.gz -o results/M117-bl.vcf --snvqual-thresh 48 --indelqual-thresh 20

CRITICAL [2026-04-30 19:38:40,041]: Parallel wrapper requires --pp-threads [int] as arg (number of threads)
CRITICAL [2026-04-30 19:38:40,124]: Parallel wrapper requires --pp-threads [int] as arg (number of threads)
[bgzip] No such file or directory: results/M117-bl.vcf
[bgzip] No such file or directory: results/M117-bl.vcf
[tabix] the index file exists. Please use '-f' to overwrite.
[tabix] the index file exists. Please use '-f' to overwrite.
[M::bwa_idx_load_from_disk] read 0 ALT contigs
[M::process] read 2000 sequences (479047 bp)...
[M::mem_pestat] # candidate unique pairs for (FF, FR, RF, RR): (0, 1000, 0, 0)
[M::mem_pestat] skip orientation FF as there are not enough pairs
[M::mem_pestat] analyzing insert size distribution for orientation FR...
[M::mem_pestat] (25, 50, 75) percentile: (178, 202, 230)
[M::mem_pestat] low and high boundaries for computing mean and std.dev: (74, 334)
[M::mem_pestat] mean and std.dev: (196.68, 37.18)
[M::mem_pestat] low and high boundaries for proper pairs: (22, 386)
[M::mem_pestat] skip orientation RF as there are not enough pairs
[M::mem_pestat] skip orientation RR as there are not enough pairs
[M::mem_process_seqs] Processed 2000 reads in 0.159 CPU sec, 0.040 real sec
[main] Version: 0.7.18-r1243-dirty
[main] CMD: /home/anton/miniforge3/envs/bench/bin/bwa mem -t 4 -R @RG\tID:M117-ch\tSM:M117-ch\tLB:M117-ch\tPL:ILLUMINA data/ref/chrM.fa data/raw/M117-ch_1.fq.gz data/raw/M117-ch_2.fq.gz
[main] Real time: 0.049 sec; CPU: 0.169 sec
[bam_sort_core] merging from 0 files and 4 in-memory blocks...
run.sh: eval: line 22: unexpected EOF while looking for matching `"'
run.sh: eval: line 23: unexpected argument to conditional unary operator
[M::bwa_idx_load_from_disk] read 0 ALT contigs
[M::process] read 2000 sequences (479047 bp)...
[M::mem_pestat] # candidate unique pairs for (FF, FR, RF, RR): (0, 1000, 0, 0)
[M::mem_pestat] skip orientation FF as there are not enough pairs
[M::mem_pestat] analyzing insert size distribution for orientation FR...
[M::mem_pestat] (25, 50, 75) percentile: (178, 202, 230)
[M::mem_pestat] low and high boundaries for computing mean and std.dev: (74, 334)
[M::mem_pestat] mean and std.dev: (196.68, 37.18)
[M::mem_pestat] low and high boundaries for proper pairs: (22, 386)
[M::mem_pestat] skip orientation RF as there are not enough pairs
[M::mem_pestat] skip orientation RR as there are not enough pairs
[M::mem_process_seqs] Processed 2000 reads in 0.157 CPU sec, 0.040 real sec
[main] Version: 0.7.18-r1243-dirty
[main] CMD: /home/anton/miniforge3/envs/bench/bin/bwa mem -t 4 -R @RG\tID:M117-ch\tSM:M117-ch\tLB:M117-ch\tPL:ILLUMINA data/ref/chrM.fa data/raw/M117-ch_1.fq.gz data/raw/M117-ch_2.fq.gz
[main] Real time: 0.050 sec; CPU: 0.169 sec
[bam_sort_core] merging from 0 files and 4 in-memory blocks...
run.sh: eval: line 23: unexpected EOF while looking for matching `"'
run.sh: eval: line 24: unexpected argument to conditional unary operator
run.sh: eval: line 22: unexpected EOF while looking for matching `"'
run.sh: eval: line 23: unexpected argument to conditional unary operator
run.sh: eval: line 23: unexpected EOF while looking for matching `"'
run.sh: eval: line 24: unexpected argument to conditional unary operator
INFO [2026-04-30 19:38:40,719]: Using 4 threads with following basic args: lofreq call -f data/ref/chrM.fa results/M117-ch.bam

INFO [2026-04-30 19:38:40,741]: Adding 9 commands to mp-pool
Checking the headers and starting positions of 9 files
Number of substitution tests performed: 801
Number of indel tests performed: 0
INFO [2026-04-30 19:38:42,249]: Executing lofreq filter -i /tmp/lofreq2_call_parallel1f55hrne/concat.vcf.gz -o results/M117-ch.vcf --snvqual-thresh 49 --indelqual-thresh 20

CRITICAL [2026-04-30 19:38:42,327]: Parallel wrapper requires --pp-threads [int] as arg (number of threads)
CRITICAL [2026-04-30 19:38:42,405]: Parallel wrapper requires --pp-threads [int] as arg (number of threads)
[bgzip] No such file or directory: results/M117-ch.vcf
[bgzip] No such file or directory: results/M117-ch.vcf
[tabix] the index file exists. Please use '-f' to overwrite.
[tabix] the index file exists. Please use '-f' to overwrite.
[M::bwa_idx_load_from_disk] read 0 ALT contigs
[M::process] read 2000 sequences (439380 bp)...
[M::mem_pestat] # candidate unique pairs for (FF, FR, RF, RR): (0, 1000, 0, 0)
[M::mem_pestat] skip orientation FF as there are not enough pairs
[M::mem_pestat] analyzing insert size distribution for orientation FR...
[M::mem_pestat] (25, 50, 75) percentile: (137, 178, 202)
[M::mem_pestat] low and high boundaries for computing mean and std.dev: (7, 332)
[M::mem_pestat] mean and std.dev: (171.01, 42.49)
[M::mem_pestat] low and high boundaries for proper pairs: (1, 397)
[M::mem_pestat] skip orientation RF as there are not enough pairs
[M::mem_pestat] skip orientation RR as there are not enough pairs
[M::mem_process_seqs] Processed 2000 reads in 0.118 CPU sec, 0.032 real sec
[main] Version: 0.7.18-r1243-dirty
[main] CMD: /home/anton/miniforge3/envs/bench/bin/bwa mem -t 4 -R @RG\tID:M117C1-bl\tSM:M117C1-bl\tLB:M117C1-bl\tPL:ILLUMINA data/ref/chrM.fa data/raw/M117C1-bl_1.fq.gz data/raw/M117C1-bl_2.fq.gz
[main] Real time: 0.039 sec; CPU: 0.124 sec
[bam_sort_core] merging from 0 files and 4 in-memory blocks...
run.sh: eval: line 22: unexpected EOF while looking for matching `"'
run.sh: eval: line 23: unexpected argument to conditional unary operator
[M::bwa_idx_load_from_disk] read 0 ALT contigs
[M::process] read 2000 sequences (439380 bp)...
[M::mem_pestat] # candidate unique pairs for (FF, FR, RF, RR): (0, 1000, 0, 0)
[M::mem_pestat] skip orientation FF as there are not enough pairs
[M::mem_pestat] analyzing insert size distribution for orientation FR...
[M::mem_pestat] (25, 50, 75) percentile: (137, 178, 202)
[M::mem_pestat] low and high boundaries for computing mean and std.dev: (7, 332)
[M::mem_pestat] mean and std.dev: (171.01, 42.49)
[M::mem_pestat] low and high boundaries for proper pairs: (1, 397)
[M::mem_pestat] skip orientation RF as there are not enough pairs
[M::mem_pestat] skip orientation RR as there are not enough pairs
[M::mem_process_seqs] Processed 2000 reads in 0.109 CPU sec, 0.028 real sec
[main] Version: 0.7.18-r1243-dirty
[main] CMD: /home/anton/miniforge3/envs/bench/bin/bwa mem -t 4 -R @RG\tID:M117C1-bl\tSM:M117C1-bl\tLB:M117C1-bl\tPL:ILLUMINA data/ref/chrM.fa data/raw/M117C1-bl_1.fq.gz data/raw/M117C1-bl_2.fq.gz
[main] Real time: 0.037 sec; CPU: 0.119 sec
[bam_sort_core] merging from 0 files and 4 in-memory blocks...
run.sh: eval: line 23: unexpected EOF while looking for matching `"'
run.sh: eval: line 24: unexpected argument to conditional unary operator
run.sh: eval: line 22: unexpected EOF while looking for matching `"'
run.sh: eval: line 23: unexpected argument to conditional unary operator
run.sh: eval: line 23: unexpected EOF while looking for matching `"'
run.sh: eval: line 24: unexpected argument to conditional unary operator
INFO [2026-04-30 19:38:42,998]: Using 4 threads with following basic args: lofreq call -f data/ref/chrM.fa results/M117C1-bl.bam

INFO [2026-04-30 19:38:43,010]: Adding 9 commands to mp-pool
Checking the headers and starting positions of 9 files
Number of substitution tests performed: 711
Number of indel tests performed: 0
INFO [2026-04-30 19:38:44,387]: Executing lofreq filter -i /tmp/lofreq2_call_parallela6fut8hw/concat.vcf.gz -o results/M117C1-bl.vcf --snvqual-thresh 49 --indelqual-thresh 20

CRITICAL [2026-04-30 19:38:44,465]: Parallel wrapper requires --pp-threads [int] as arg (number of threads)
CRITICAL [2026-04-30 19:38:44,542]: Parallel wrapper requires --pp-threads [int] as arg (number of threads)
[bgzip] No such file or directory: results/M117C1-bl.vcf
[bgzip] No such file or directory: results/M117C1-bl.vcf
[tabix] the index file exists. Please use '-f' to overwrite.
[tabix] the index file exists. Please use '-f' to overwrite.
bwa: error processing M117C1-ch (eval-injected)
[W::hts_set_opt] Cannot change block size for this format
samtools sort: failed to read header from "-"
bwa: error processing M117C1-ch (eval-injected)
[W::hts_set_opt] Cannot change block size for this format
samtools sort: failed to read header from "-"
[E::hts_open_format] Failed to open file "results/M117C1-ch.bam" : No such file or directory
samtools index: failed to open "results/M117C1-ch.bam": No such file or directory
