[bwa_index] Pack FASTA... 0.00 sec
[bwa_index] Construct BWT for the packed sequence...
[bwa_index] 0.01 seconds elapse.
[bwa_index] Update BWT... 0.00 sec
[bwa_index] Pack forward-only FASTA... 0.00 sec
[bwa_index] Construct SA from BWT and Occ... 0.00 sec
[main] Version: 0.7.18-r1243-dirty
[main] CMD: bwa index data/ref/chrM.fa
[main] Real time: 0.335 sec; CPU: 0.015 sec
run.sh: line 22: $']] -- bwa index "$REF"; then\n  echo "[run.sh] reference index failed" >&2; exit 1\nfi\n\nsamtools faidx "$REF"\nif ! try __ref__ faidx [[': command not found
run.sh: line 23: $']] -- bwa index "$REF"; then\n  echo "[run.sh] reference index failed" >&2; exit 1\nfi\n\nsamtools faidx "$REF"\nif ! try __ref__ faidx [[': command not found
[M::bwa_idx_load_from_disk] read 0 ALT contigs
[M::process] read 2000 sequences (441623 bp)...
[M::mem_pestat] # candidate unique pairs for (FF, FR, RF, RR): (0, 1000, 0, 0)
[M::mem_pestat] skip orientation FF as there are not enough pairs
[M::mem_pestat] analyzing insert size distribution for orientation FR...
[M::mem_pestat] (25, 50, 75) percentile: (137, 181, 202)
[M::mem_pestat] low and high boundaries for computing mean and std.dev: (7, 332)
[M::mem_pestat] mean and std.dev: (173.12, 43.22)
[M::mem_pestat] low and high boundaries for proper pairs: (1, 397)
[M::mem_pestat] skip orientation RF as there are not enough pairs
[M::mem_pestat] skip orientation RR as there are not enough pairs
[M::mem_process_seqs] Processed 2000 reads in 0.139 CPU sec, 0.035 real sec
[main] Version: 0.7.18-r1243-dirty
[main] CMD: bwa mem -t 4 -R @RG\tID:M117-bl\tSM:M117-bl\tLB:M117-bl\tPL:ILLUMINA data/ref/chrM.fa data/raw/M117-bl_1.fq.gz data/raw/M117-bl_2.fq.gz
[main] Real time: 0.049 sec; CPU: 0.154 sec
[bam_sort_core] merging from 0 files and 4 in-memory blocks...
run.sh: eval: line 22: unexpected EOF while looking for matching `"'
run.sh: eval: line 23: unexpected argument to conditional unary operator
[M::bwa_idx_load_from_disk] read 0 ALT contigs
[M::process] read 2000 sequences (441623 bp)...
[M::mem_pestat] # candidate unique pairs for (FF, FR, RF, RR): (0, 1000, 0, 0)
[M::mem_pestat] skip orientation FF as there are not enough pairs
[M::mem_pestat] analyzing insert size distribution for orientation FR...
[M::mem_pestat] (25, 50, 75) percentile: (137, 181, 202)
[M::mem_pestat] low and high boundaries for computing mean and std.dev: (7, 332)
[M::mem_pestat] mean and std.dev: (173.12, 43.22)
[M::mem_pestat] low and high boundaries for proper pairs: (1, 397)
[M::mem_pestat] skip orientation RF as there are not enough pairs
[M::mem_pestat] skip orientation RR as there are not enough pairs
[M::mem_process_seqs] Processed 2000 reads in 0.144 CPU sec, 0.037 real sec
[main] Version: 0.7.18-r1243-dirty
[main] CMD: bwa mem -t 4 -R @RG\tID:M117-bl\tSM:M117-bl\tLB:M117-bl\tPL:ILLUMINA data/ref/chrM.fa data/raw/M117-bl_1.fq.gz data/raw/M117-bl_2.fq.gz
[main] Real time: 0.049 sec; CPU: 0.158 sec
[bam_sort_core] merging from 0 files and 4 in-memory blocks...
run.sh: eval: line 23: unexpected EOF while looking for matching `"'
run.sh: eval: line 24: unexpected argument to conditional unary operator
run.sh: eval: line 22: unexpected EOF while looking for matching `"'
run.sh: eval: line 23: unexpected argument to conditional unary operator
run.sh: eval: line 23: unexpected EOF while looking for matching `"'
run.sh: eval: line 24: unexpected argument to conditional unary operator
INFO [2026-04-30 19:37:08,516]: Using 4 threads with following basic args: lofreq call -f data/ref/chrM.fa results/M117-bl.bam

INFO [2026-04-30 19:37:08,535]: Adding 9 commands to mp-pool
Checking the headers and starting positions of 9 files
Number of substitution tests performed: 591
Number of indel tests performed: 0
INFO [2026-04-30 19:37:09,697]: Executing lofreq filter -i /tmp/lofreq2_call_parallelx30mwa3f/concat.vcf.gz -o results/M117-bl.vcf --snvqual-thresh 48 --indelqual-thresh 20

CRITICAL [2026-04-30 19:37:09,746]: Parallel wrapper requires --pp-threads [int] as arg (number of threads)
CRITICAL [2026-04-30 19:37:09,795]: Parallel wrapper requires --pp-threads [int] as arg (number of threads)
[bgzip] No such file or directory: results/M117-bl.vcf
[bgzip] No such file or directory: results/M117-bl.vcf
[tabix] the index file exists. Please use '-f' to overwrite.
[tabix] the index file exists. Please use '-f' to overwrite.
[M::bwa_idx_load_from_disk] read 0 ALT contigs
[M::process] read 2000 sequences (479047 bp)...
[M::mem_pestat] # candidate unique pairs for (FF, FR, RF, RR): (0, 1000, 0, 0)
[M::mem_pestat] skip orientation FF as there are not enough pairs
[M::mem_pestat] analyzing insert size distribution for orientation FR...
[M::mem_pestat] (25, 50, 75) percentile: (178, 202, 230)
[M::mem_pestat] low and high boundaries for computing mean and std.dev: (74, 334)
[M::mem_pestat] mean and std.dev: (196.68, 37.18)
[M::mem_pestat] low and high boundaries for proper pairs: (22, 386)
[M::mem_pestat] skip orientation RF as there are not enough pairs
[M::mem_pestat] skip orientation RR as there are not enough pairs
[M::mem_process_seqs] Processed 2000 reads in 0.151 CPU sec, 0.038 real sec
[main] Version: 0.7.18-r1243-dirty
[main] CMD: bwa mem -t 4 -R @RG\tID:M117-ch\tSM:M117-ch\tLB:M117-ch\tPL:ILLUMINA data/ref/chrM.fa data/raw/M117-ch_1.fq.gz data/raw/M117-ch_2.fq.gz
[main] Real time: 0.051 sec; CPU: 0.165 sec
[bam_sort_core] merging from 0 files and 4 in-memory blocks...
run.sh: eval: line 22: unexpected EOF while looking for matching `"'
run.sh: eval: line 23: unexpected argument to conditional unary operator
[M::bwa_idx_load_from_disk] read 0 ALT contigs
[M::process] read 2000 sequences (479047 bp)...
[M::mem_pestat] # candidate unique pairs for (FF, FR, RF, RR): (0, 1000, 0, 0)
[M::mem_pestat] skip orientation FF as there are not enough pairs
[M::mem_pestat] analyzing insert size distribution for orientation FR...
[M::mem_pestat] (25, 50, 75) percentile: (178, 202, 230)
[M::mem_pestat] low and high boundaries for computing mean and std.dev: (74, 334)
[M::mem_pestat] mean and std.dev: (196.68, 37.18)
[M::mem_pestat] low and high boundaries for proper pairs: (22, 386)
[M::mem_pestat] skip orientation RF as there are not enough pairs
[M::mem_pestat] skip orientation RR as there are not enough pairs
[M::mem_process_seqs] Processed 2000 reads in 0.149 CPU sec, 0.038 real sec
[main] Version: 0.7.18-r1243-dirty
[main] CMD: bwa mem -t 4 -R @RG\tID:M117-ch\tSM:M117-ch\tLB:M117-ch\tPL:ILLUMINA data/ref/chrM.fa data/raw/M117-ch_1.fq.gz data/raw/M117-ch_2.fq.gz
[main] Real time: 0.049 sec; CPU: 0.162 sec
[bam_sort_core] merging from 0 files and 4 in-memory blocks...
run.sh: eval: line 23: unexpected EOF while looking for matching `"'
run.sh: eval: line 24: unexpected argument to conditional unary operator
run.sh: eval: line 22: unexpected EOF while looking for matching `"'
run.sh: eval: line 23: unexpected argument to conditional unary operator
run.sh: eval: line 23: unexpected EOF while looking for matching `"'
run.sh: eval: line 24: unexpected argument to conditional unary operator
INFO [2026-04-30 19:37:10,294]: Using 4 threads with following basic args: lofreq call -f data/ref/chrM.fa results/M117-ch.bam

INFO [2026-04-30 19:37:10,315]: Adding 9 commands to mp-pool
Checking the headers and starting positions of 9 files
Number of substitution tests performed: 801
Number of indel tests performed: 0
INFO [2026-04-30 19:37:11,615]: Executing lofreq filter -i /tmp/lofreq2_call_parallelpea9nwer/concat.vcf.gz -o results/M117-ch.vcf --snvqual-thresh 49 --indelqual-thresh 20

CRITICAL [2026-04-30 19:37:11,664]: Parallel wrapper requires --pp-threads [int] as arg (number of threads)
CRITICAL [2026-04-30 19:37:11,712]: Parallel wrapper requires --pp-threads [int] as arg (number of threads)
[bgzip] No such file or directory: results/M117-ch.vcf
[bgzip] No such file or directory: results/M117-ch.vcf
[tabix] the index file exists. Please use '-f' to overwrite.
[tabix] the index file exists. Please use '-f' to overwrite.
[M::bwa_idx_load_from_disk] read 0 ALT contigs
[M::process] read 2000 sequences (439380 bp)...
[M::mem_pestat] # candidate unique pairs for (FF, FR, RF, RR): (0, 1000, 0, 0)
[M::mem_pestat] skip orientation FF as there are not enough pairs
[M::mem_pestat] analyzing insert size distribution for orientation FR...
[M::mem_pestat] (25, 50, 75) percentile: (137, 178, 202)
[M::mem_pestat] low and high boundaries for computing mean and std.dev: (7, 332)
[M::mem_pestat] mean and std.dev: (171.01, 42.49)
[M::mem_pestat] low and high boundaries for proper pairs: (1, 397)
[M::mem_pestat] skip orientation RF as there are not enough pairs
[M::mem_pestat] skip orientation RR as there are not enough pairs
[M::mem_process_seqs] Processed 2000 reads in 0.127 CPU sec, 0.032 real sec
[main] Version: 0.7.18-r1243-dirty
[main] CMD: bwa mem -t 4 -R @RG\tID:M117C1-bl\tSM:M117C1-bl\tLB:M117C1-bl\tPL:ILLUMINA data/ref/chrM.fa data/raw/M117C1-bl_1.fq.gz data/raw/M117C1-bl_2.fq.gz
[main] Real time: 0.043 sec; CPU: 0.139 sec
[bam_sort_core] merging from 0 files and 4 in-memory blocks...
run.sh: eval: line 22: unexpected EOF while looking for matching `"'
run.sh: eval: line 23: unexpected argument to conditional unary operator
[M::bwa_idx_load_from_disk] read 0 ALT contigs
[M::process] read 2000 sequences (439380 bp)...
[M::mem_pestat] # candidate unique pairs for (FF, FR, RF, RR): (0, 1000, 0, 0)
[M::mem_pestat] skip orientation FF as there are not enough pairs
[M::mem_pestat] analyzing insert size distribution for orientation FR...
[M::mem_pestat] (25, 50, 75) percentile: (137, 178, 202)
[M::mem_pestat] low and high boundaries for computing mean and std.dev: (7, 332)
[M::mem_pestat] mean and std.dev: (171.01, 42.49)
[M::mem_pestat] low and high boundaries for proper pairs: (1, 397)
[M::mem_pestat] skip orientation RF as there are not enough pairs
[M::mem_pestat] skip orientation RR as there are not enough pairs
[M::mem_process_seqs] Processed 2000 reads in 0.138 CPU sec, 0.035 real sec
[main] Version: 0.7.18-r1243-dirty
[main] CMD: bwa mem -t 4 -R @RG\tID:M117C1-bl\tSM:M117C1-bl\tLB:M117C1-bl\tPL:ILLUMINA data/ref/chrM.fa data/raw/M117C1-bl_1.fq.gz data/raw/M117C1-bl_2.fq.gz
[main] Real time: 0.048 sec; CPU: 0.153 sec
[bam_sort_core] merging from 0 files and 4 in-memory blocks...
run.sh: eval: line 23: unexpected EOF while looking for matching `"'
run.sh: eval: line 24: unexpected argument to conditional unary operator
run.sh: eval: line 22: unexpected EOF while looking for matching `"'
run.sh: eval: line 23: unexpected argument to conditional unary operator
run.sh: eval: line 23: unexpected EOF while looking for matching `"'
run.sh: eval: line 24: unexpected argument to conditional unary operator
INFO [2026-04-30 19:37:12,226]: Using 4 threads with following basic args: lofreq call -f data/ref/chrM.fa results/M117C1-bl.bam

INFO [2026-04-30 19:37:12,249]: Adding 9 commands to mp-pool
Checking the headers and starting positions of 9 files
Number of substitution tests performed: 711
Number of indel tests performed: 0
INFO [2026-04-30 19:37:13,602]: Executing lofreq filter -i /tmp/lofreq2_call_parallel8zbk2mbx/concat.vcf.gz -o results/M117C1-bl.vcf --snvqual-thresh 49 --indelqual-thresh 20

CRITICAL [2026-04-30 19:37:13,651]: Parallel wrapper requires --pp-threads [int] as arg (number of threads)
CRITICAL [2026-04-30 19:37:13,700]: Parallel wrapper requires --pp-threads [int] as arg (number of threads)
[bgzip] No such file or directory: results/M117C1-bl.vcf
[bgzip] No such file or directory: results/M117C1-bl.vcf
[tabix] the index file exists. Please use '-f' to overwrite.
[tabix] the index file exists. Please use '-f' to overwrite.
[M::bwa_idx_load_from_disk] read 0 ALT contigs
[M::process] read 2000 sequences (476079 bp)...
[M::mem_pestat] # candidate unique pairs for (FF, FR, RF, RR): (0, 1000, 0, 0)
[M::mem_pestat] skip orientation FF as there are not enough pairs
[M::mem_pestat] analyzing insert size distribution for orientation FR...
[M::mem_pestat] (25, 50, 75) percentile: (173, 199, 227)
[M::mem_pestat] low and high boundaries for computing mean and std.dev: (65, 335)
[M::mem_pestat] mean and std.dev: (192.27, 38.15)
[M::mem_pestat] low and high boundaries for proper pairs: (11, 389)
[M::mem_pestat] skip orientation RF as there are not enough pairs
[M::mem_pestat] skip orientation RR as there are not enough pairs
[M::mem_process_seqs] Processed 2000 reads in 0.147 CPU sec, 0.037 real sec
[main] Version: 0.7.18-r1243-dirty
[main] CMD: bwa mem -t 4 -R @RG\tID:M117C1-ch\tSM:M117C1-ch\tLB:M117C1-ch\tPL:ILLUMINA data/ref/chrM.fa data/raw/M117C1-ch_1.fq.gz data/raw/M117C1-ch_2.fq.gz
[main] Real time: 0.047 sec; CPU: 0.158 sec
[bam_sort_core] merging from 0 files and 4 in-memory blocks...
run.sh: eval: line 22: unexpected EOF while looking for matching `"'
run.sh: eval: line 23: unexpected argument to conditional unary operator
[M::bwa_idx_load_from_disk] read 0 ALT contigs
[M::process] read 2000 sequences (476079 bp)...
[M::mem_pestat] # candidate unique pairs for (FF, FR, RF, RR): (0, 1000, 0, 0)
[M::mem_pestat] skip orientation FF as there are not enough pairs
[M::mem_pestat] analyzing insert size distribution for orientation FR...
[M::mem_pestat] (25, 50, 75) percentile: (173, 199, 227)
[M::mem_pestat] low and high boundaries for computing mean and std.dev: (65, 335)
[M::mem_pestat] mean and std.dev: (192.27, 38.15)
[M::mem_pestat] low and high boundaries for proper pairs: (11, 389)
[M::mem_pestat] skip orientation RF as there are not enough pairs
[M::mem_pestat] skip orientation RR as there are not enough pairs
[M::mem_process_seqs] Processed 2000 reads in 0.162 CPU sec, 0.041 real sec
[main] Version: 0.7.18-r1243-dirty
[main] CMD: bwa mem -t 4 -R @RG\tID:M117C1-ch\tSM:M117C1-ch\tLB:M117C1-ch\tPL:ILLUMINA data/ref/chrM.fa data/raw/M117C1-ch_1.fq.gz data/raw/M117C1-ch_2.fq.gz
[main] Real time: 0.052 sec; CPU: 0.174 sec
[bam_sort_core] merging from 0 files and 4 in-memory blocks...
run.sh: eval: line 23: unexpected EOF while looking for matching `"'
run.sh: eval: line 24: unexpected argument to conditional unary operator
run.sh: eval: line 22: unexpected EOF while looking for matching `"'
run.sh: eval: line 23: unexpected argument to conditional unary operator
run.sh: eval: line 23: unexpected EOF while looking for matching `"'
run.sh: eval: line 24: unexpected argument to conditional unary operator
INFO [2026-04-30 19:37:14,192]: Using 4 threads with following basic args: lofreq call -f data/ref/chrM.fa results/M117C1-ch.bam

INFO [2026-04-30 19:37:14,203]: Adding 9 commands to mp-pool
Checking the headers and starting positions of 9 files
Number of substitution tests performed: 768
Number of indel tests performed: 0
INFO [2026-04-30 19:37:15,364]: Executing lofreq filter -i /tmp/lofreq2_call_parallelyvfat3wn/concat.vcf.gz -o results/M117C1-ch.vcf --snvqual-thresh 49 --indelqual-thresh 20

CRITICAL [2026-04-30 19:37:15,413]: Parallel wrapper requires --pp-threads [int] as arg (number of threads)
CRITICAL [2026-04-30 19:37:15,456]: Parallel wrapper requires --pp-threads [int] as arg (number of threads)
[bgzip] No such file or directory: results/M117C1-ch.vcf
[bgzip] No such file or directory: results/M117C1-ch.vcf
[tabix] the index file exists. Please use '-f' to overwrite.
[tabix] the index file exists. Please use '-f' to overwrite.
run.sh: line 87: M117: unbound variable
