[M::bwa_idx_load_from_disk] read 0 ALT contigs
[M::process] read 2000 sequences (441623 bp)...
[M::mem_pestat] # candidate unique pairs for (FF, FR, RF, RR): (0, 1000, 0, 0)
[M::mem_pestat] skip orientation FF as there are not enough pairs
[M::mem_pestat] analyzing insert size distribution for orientation FR...
[M::mem_pestat] (25, 50, 75) percentile: (137, 181, 202)
[M::mem_pestat] low and high boundaries for computing mean and std.dev: (7, 332)
[M::mem_pestat] mean and std.dev: (173.12, 43.22)
[M::mem_pestat] low and high boundaries for proper pairs: (1, 397)
[M::mem_pestat] skip orientation RF as there are not enough pairs
[M::mem_pestat] skip orientation RR as there are not enough pairs
[M::mem_process_seqs] Processed 2000 reads in 0.121 CPU sec, 0.031 real sec
[main] Version: 0.7.18-r1243-dirty
[main] CMD: /home/anton/miniforge3/envs/bench/bin/bwa mem -t 4 -R @RG\tID:M117-bl\tSM:M117-bl\tLB:M117-bl\tPL:ILLUMINA data/ref/chrM.fa data/raw/M117-bl_1.fq.gz data/raw/M117-bl_2.fq.gz
[main] Real time: 0.042 sec; CPU: 0.133 sec
[bam_sort_core] merging from 0 files and 4 in-memory blocks...
INFO [2026-04-30 20:43:12,038]: Using 4 threads with following basic args: lofreq call -f data/ref/chrM.fa results/M117-bl.bam

INFO [2026-04-30 20:43:12,052]: Adding 9 commands to mp-pool
Checking the headers and starting positions of 9 files
Number of substitution tests performed: 591
Number of indel tests performed: 0
INFO [2026-04-30 20:43:13,284]: Executing lofreq filter -i /tmp/lofreq2_call_parallelpz9vro_6/concat.vcf.gz -o results/M117-bl.vcf --snvqual-thresh 48 --indelqual-thresh 20

CRITICAL [2026-04-30 20:43:13,366]: Cowardly refusing to overwrite already existing VCF output file results/M117-bl.vcf
[M::bwa_idx_load_from_disk] read 0 ALT contigs
[M::process] read 2000 sequences (479047 bp)...
[M::mem_pestat] # candidate unique pairs for (FF, FR, RF, RR): (0, 1000, 0, 0)
[M::mem_pestat] skip orientation FF as there are not enough pairs
[M::mem_pestat] analyzing insert size distribution for orientation FR...
[M::mem_pestat] (25, 50, 75) percentile: (178, 202, 230)
[M::mem_pestat] low and high boundaries for computing mean and std.dev: (74, 334)
[M::mem_pestat] mean and std.dev: (196.68, 37.18)
[M::mem_pestat] low and high boundaries for proper pairs: (22, 386)
[M::mem_pestat] skip orientation RF as there are not enough pairs
[M::mem_pestat] skip orientation RR as there are not enough pairs
[M::mem_process_seqs] Processed 2000 reads in 0.147 CPU sec, 0.037 real sec
[main] Version: 0.7.18-r1243-dirty
[main] CMD: /home/anton/miniforge3/envs/bench/bin/bwa mem -t 4 -R @RG\tID:M117-ch\tSM:M117-ch\tLB:M117-ch\tPL:ILLUMINA data/ref/chrM.fa data/raw/M117-ch_1.fq.gz data/raw/M117-ch_2.fq.gz
[main] Real time: 0.046 sec; CPU: 0.155 sec
[bam_sort_core] merging from 0 files and 4 in-memory blocks...
INFO [2026-04-30 20:43:13,638]: Using 4 threads with following basic args: lofreq call -f data/ref/chrM.fa results/M117-ch.bam

INFO [2026-04-30 20:43:13,653]: Adding 9 commands to mp-pool
Checking the headers and starting positions of 9 files
Number of substitution tests performed: 801
Number of indel tests performed: 0
INFO [2026-04-30 20:43:15,010]: Executing lofreq filter -i /tmp/lofreq2_call_parallelwwj33v9h/concat.vcf.gz -o results/M117-ch.vcf --snvqual-thresh 49 --indelqual-thresh 20

CRITICAL [2026-04-30 20:43:15,094]: Cowardly refusing to overwrite already existing VCF output file results/M117-ch.vcf
[M::bwa_idx_load_from_disk] read 0 ALT contigs
[M::process] read 2000 sequences (439380 bp)...
[M::mem_pestat] # candidate unique pairs for (FF, FR, RF, RR): (0, 1000, 0, 0)
[M::mem_pestat] skip orientation FF as there are not enough pairs
[M::mem_pestat] analyzing insert size distribution for orientation FR...
[M::mem_pestat] (25, 50, 75) percentile: (137, 178, 202)
[M::mem_pestat] low and high boundaries for computing mean and std.dev: (7, 332)
[M::mem_pestat] mean and std.dev: (171.01, 42.49)
[M::mem_pestat] low and high boundaries for proper pairs: (1, 397)
[M::mem_pestat] skip orientation RF as there are not enough pairs
[M::mem_pestat] skip orientation RR as there are not enough pairs
[M::mem_process_seqs] Processed 2000 reads in 0.122 CPU sec, 0.031 real sec
[main] Version: 0.7.18-r1243-dirty
[main] CMD: /home/anton/miniforge3/envs/bench/bin/bwa mem -t 4 -R @RG\tID:M117C1-bl\tSM:M117C1-bl\tLB:M117C1-bl\tPL:ILLUMINA data/ref/chrM.fa data/raw/M117C1-bl_1.fq.gz data/raw/M117C1-bl_2.fq.gz
[main] Real time: 0.039 sec; CPU: 0.131 sec
[bam_sort_core] merging from 0 files and 4 in-memory blocks...
INFO [2026-04-30 20:43:15,358]: Using 4 threads with following basic args: lofreq call -f data/ref/chrM.fa results/M117C1-bl.bam

INFO [2026-04-30 20:43:15,373]: Adding 9 commands to mp-pool
Checking the headers and starting positions of 9 files
Number of substitution tests performed: 711
Number of indel tests performed: 0
INFO [2026-04-30 20:43:16,725]: Executing lofreq filter -i /tmp/lofreq2_call_paralleljykxo3gt/concat.vcf.gz -o results/M117C1-bl.vcf --snvqual-thresh 49 --indelqual-thresh 20

CRITICAL [2026-04-30 20:43:16,808]: Cowardly refusing to overwrite already existing VCF output file results/M117C1-bl.vcf
[M::bwa_idx_load_from_disk] read 0 ALT contigs
[M::process] read 2000 sequences (476079 bp)...
[M::mem_pestat] # candidate unique pairs for (FF, FR, RF, RR): (0, 1000, 0, 0)
[M::mem_pestat] skip orientation FF as there are not enough pairs
[M::mem_pestat] analyzing insert size distribution for orientation FR...
[M::mem_pestat] (25, 50, 75) percentile: (173, 199, 227)
[M::mem_pestat] low and high boundaries for computing mean and std.dev: (65, 335)
[M::mem_pestat] mean and std.dev: (192.27, 38.15)
[M::mem_pestat] low and high boundaries for proper pairs: (11, 389)
[M::mem_pestat] skip orientation RF as there are not enough pairs
[M::mem_pestat] skip orientation RR as there are not enough pairs
[M::mem_process_seqs] Processed 2000 reads in 0.148 CPU sec, 0.038 real sec
[main] Version: 0.7.18-r1243-dirty
[main] CMD: /home/anton/miniforge3/envs/bench/bin/bwa mem -t 4 -R @RG\tID:M117C1-ch\tSM:M117C1-ch\tLB:M117C1-ch\tPL:ILLUMINA data/ref/chrM.fa data/raw/M117C1-ch_1.fq.gz data/raw/M117C1-ch_2.fq.gz
[main] Real time: 0.047 sec; CPU: 0.158 sec
[bam_sort_core] merging from 0 files and 4 in-memory blocks...
INFO [2026-04-30 20:43:17,086]: Using 4 threads with following basic args: lofreq call -f data/ref/chrM.fa results/M117C1-ch.bam

INFO [2026-04-30 20:43:17,100]: Adding 9 commands to mp-pool
Checking the headers and starting positions of 9 files
Number of substitution tests performed: 768
Number of indel tests performed: 0
INFO [2026-04-30 20:43:18,361]: Executing lofreq filter -i /tmp/lofreq2_call_parallel0n5mnlvb/concat.vcf.gz -o results/M117C1-ch.vcf --snvqual-thresh 49 --indelqual-thresh 20

CRITICAL [2026-04-30 20:43:18,450]: Cowardly refusing to overwrite already existing VCF output file results/M117C1-ch.vcf
[run.sh] 0/4 samples completed; M117-bl failed at call — see results/failures.log
